2025-11-24T09:52:45.257+09:00  INFO 2056 --- [gallery] [main] com.ssg.gallery.GalleryApplication       : Starting GalleryApplication using Java 17.0.15 with PID 2056 (C:\study\gallery\build\classes\java\main started by a in C:\study\gallery)
2025-11-24T09:52:45.260+09:00 DEBUG 2056 --- [gallery] [main] com.ssg.gallery.GalleryApplication       : Running with Spring Boot v3.3.4, Spring v6.1.13
2025-11-24T09:52:45.261+09:00  INFO 2056 --- [gallery] [main] com.ssg.gallery.GalleryApplication       : No active profile set, falling back to 1 default profile: "default"
2025-11-24T09:52:46.100+09:00  INFO 2056 --- [gallery] [main] .s.d.r.c.RepositoryConfigurationDelegate : Bootstrapping Spring Data JPA repositories in DEFAULT mode.
2025-11-24T09:52:46.125+09:00  INFO 2056 --- [gallery] [main] .s.d.r.c.RepositoryConfigurationDelegate : Finished Spring Data repository scanning in 14 ms. Found 0 JPA repository interfaces.
2025-11-24T09:52:46.754+09:00  INFO 2056 --- [gallery] [main] o.s.b.w.embedded.tomcat.TomcatWebServer  : Tomcat initialized with port 8080 (http)
2025-11-24T09:52:46.770+09:00  INFO 2056 --- [gallery] [main] o.apache.catalina.core.StandardService   : Starting service [Tomcat]
2025-11-24T09:52:46.771+09:00  INFO 2056 --- [gallery] [main] o.apache.catalina.core.StandardEngine    : Starting Servlet engine: [Apache Tomcat/10.1.30]
2025-11-24T09:52:46.847+09:00  INFO 2056 --- [gallery] [main] o.a.c.c.C.[Tomcat].[localhost].[/]       : Initializing Spring embedded WebApplicationContext
2025-11-24T09:52:46.847+09:00  INFO 2056 --- [gallery] [main] w.s.c.ServletWebServerApplicationContext : Root WebApplicationContext: initialization completed in 1528 ms
2025-11-24T09:52:46.925+09:00  WARN 2056 --- [gallery] [main] ConfigServletWebServerApplicationContext : Exception encountered during context initialization - cancelling refresh attempt: org.springframework.beans.factory.BeanCreationException: Error creating bean with name 'entityManagerFactory' defined in class path resource [org/springframework/boot/autoconfigure/orm/jpa/HibernateJpaConfiguration.class]: Failed to initialize dependency 'dataSourceScriptDatabaseInitializer' of LoadTimeWeaverAware bean 'entityManagerFactory': Error creating bean with name 'dataSourceScriptDatabaseInitializer' defined in class path resource [org/springframework/boot/autoconfigure/sql/init/DataSourceInitializationConfiguration.class]: Unsatisfied dependency expressed through method 'dataSourceScriptDatabaseInitializer' parameter 0: Error creating bean with name 'dataSource' defined in class path resource [org/springframework/boot/autoconfigure/jdbc/DataSourceConfiguration$Hikari.class]: Failed to instantiate [com.zaxxer.hikari.HikariDataSource]: Factory method 'dataSource' threw exception with message: Failed to determine a suitable driver class
2025-11-24T09:52:46.928+09:00  INFO 2056 --- [gallery] [main] o.apache.catalina.core.StandardService   : Stopping service [Tomcat]
2025-11-24T09:52:46.950+09:00  INFO 2056 --- [gallery] [main] .s.b.a.l.ConditionEvaluationReportLogger : 

Error starting ApplicationContext. To display the condition evaluation report re-run your application with 'debug' enabled.
2025-11-24T09:52:46.981+09:00 ERROR 2056 --- [gallery] [main] o.s.b.d.LoggingFailureAnalysisReporter   : 

***************************
APPLICATION FAILED TO START
***************************

Description:

Failed to configure a DataSource: 'url' attribute is not specified and no embedded datasource could be configured.

Reason: Failed to determine a suitable driver class


Action:

Consider the following:
	If you want an embedded database (H2, HSQL or Derby), please put it on the classpath.
	If you have database settings to be loaded from a particular profile you may need to activate it (no profiles are currently active).

2025-11-24T09:53:22.276+09:00  INFO 13444 --- [gallery] [main] com.ssg.gallery.GalleryApplication       : Starting GalleryApplication using Java 17.0.15 with PID 13444 (C:\study\gallery\build\classes\java\main started by a in C:\study\gallery)
2025-11-24T09:53:22.276+09:00 DEBUG 13444 --- [gallery] [main] com.ssg.gallery.GalleryApplication       : Running with Spring Boot v3.3.4, Spring v6.1.13
2025-11-24T09:53:22.276+09:00  INFO 13444 --- [gallery] [main] com.ssg.gallery.GalleryApplication       : No active profile set, falling back to 1 default profile: "default"
2025-11-24T09:53:23.229+09:00  INFO 13444 --- [gallery] [main] o.s.b.w.embedded.tomcat.TomcatWebServer  : Tomcat initialized with port 8080 (http)
2025-11-24T09:53:23.245+09:00  INFO 13444 --- [gallery] [main] o.apache.catalina.core.StandardService   : Starting service [Tomcat]
2025-11-24T09:53:23.245+09:00  INFO 13444 --- [gallery] [main] o.apache.catalina.core.StandardEngine    : Starting Servlet engine: [Apache Tomcat/10.1.30]
2025-11-24T09:53:23.307+09:00  INFO 13444 --- [gallery] [main] o.a.c.c.C.[Tomcat].[localhost].[/]       : Initializing Spring embedded WebApplicationContext
2025-11-24T09:53:23.307+09:00  INFO 13444 --- [gallery] [main] w.s.c.ServletWebServerApplicationContext : Root WebApplicationContext: initialization completed in 991 ms
2025-11-24T09:53:23.688+09:00  INFO 13444 --- [gallery] [main] o.s.b.w.embedded.tomcat.TomcatWebServer  : Tomcat started on port 8080 (http) with context path '/'
2025-11-24T09:53:23.688+09:00  INFO 13444 --- [gallery] [main] com.ssg.gallery.GalleryApplication       : Started GalleryApplication in 1.881 seconds (process running for 2.87)
2025-11-24T09:53:38.007+09:00  INFO 13444 --- [gallery] [http-nio-8080-exec-2] o.a.c.c.C.[Tomcat].[localhost].[/]       : Initializing Spring DispatcherServlet 'dispatcherServlet'
2025-11-24T09:53:38.008+09:00  INFO 13444 --- [gallery] [http-nio-8080-exec-2] o.s.web.servlet.DispatcherServlet        : Initializing Servlet 'dispatcherServlet'
2025-11-24T09:53:38.009+09:00  INFO 13444 --- [gallery] [http-nio-8080-exec-2] o.s.web.servlet.DispatcherServlet        : Completed initialization in 1 ms
